
Discarded input sections

 .data          0x0000000000000000        0x0 ./core_list_join.o
 .bss           0x0000000000000000        0x0 ./core_list_join.o
 .data          0x0000000000000000        0xc ./core_main.o
 .bss           0x0000000000000000        0x0 ./core_main.o
 .data          0x0000000000000000        0x0 ./core_matrix.o
 .bss           0x0000000000000000        0x0 ./core_matrix.o
 .data          0x0000000000000000        0x0 ./core_state.o
 .bss           0x0000000000000000        0x0 ./core_state.o
 .data          0x0000000000000000        0x0 ./core_util.o
 .bss           0x0000000000000000        0x0 ./core_util.o
 .data          0x0000000000000000        0x0 ./nox/printf.o
 .bss           0x0000000000000000        0x0 ./nox/printf.o
 .data          0x0000000000000000        0x0 ./nox/core_portme.o
 .bss           0x0000000000000000        0x0 ./nox/core_portme.o
 .srodata       0x0000000000000000       0x18 ./nox/core_portme.o
 .text          0x0000000000000000        0x0 ./nox/crt0.o
 .data          0x0000000000000000        0x0 ./nox/crt0.o
 .bss           0x0000000000000000        0x0 ./nox/crt0.o
 .text          0x0000000000000000       0x44 ./nox/startup.o
 .data          0x0000000000000000        0x0 ./nox/startup.o
 .bss           0x0000000000000000        0x0 ./nox/startup.o

Memory Configuration

Name             Origin             Length             Attributes
IRAM             0x0000000080000000 0x0000000000020000 axrl !w
DRAM             0x0000000010000000 0x0000000000008000 axw !rl
*default*        0x0000000000000000 0xffffffffffffffff

Linker script and memory map

LOAD /opt/xpack-riscv-none-embed-gcc-10.2.0-1.2/bin/../lib/gcc/riscv-none-embed/10.2.0/rv32im/ilp32/libgcc.a
LOAD /opt/xpack-riscv-none-embed-gcc-10.2.0-1.2/bin/../lib/gcc/riscv-none-embed/10.2.0/../../../../riscv-none-embed/lib/rv32im/ilp32/libm.a
LOAD /opt/xpack-riscv-none-embed-gcc-10.2.0-1.2/bin/../lib/gcc/riscv-none-embed/10.2.0/../../../../riscv-none-embed/lib/rv32im/ilp32/libc.a
LOAD ./core_list_join.o
LOAD ./core_main.o
LOAD ./core_matrix.o
LOAD ./core_state.o
LOAD ./core_util.o
LOAD ./nox/printf.o
LOAD ./nox/core_portme.o
LOAD ./nox/crt0.o
LOAD ./nox/startup.o
LOAD /opt/xpack-riscv-none-embed-gcc-10.2.0-1.2/bin/../lib/gcc/riscv-none-embed/10.2.0/rv32im/ilp32/libgcc.a
START GROUP
LOAD /opt/xpack-riscv-none-embed-gcc-10.2.0-1.2/bin/../lib/gcc/riscv-none-embed/10.2.0/rv32im/ilp32/libgcc.a
LOAD /opt/xpack-riscv-none-embed-gcc-10.2.0-1.2/bin/../lib/gcc/riscv-none-embed/10.2.0/../../../../riscv-none-embed/lib/rv32im/ilp32/libg.a
LOAD /opt/xpack-riscv-none-embed-gcc-10.2.0-1.2/bin/../lib/gcc/riscv-none-embed/10.2.0/../../../../riscv-none-embed/lib/rv32im/ilp32/libc.a
END GROUP
LOAD /opt/xpack-riscv-none-embed-gcc-10.2.0-1.2/bin/../lib/gcc/riscv-none-embed/10.2.0/rv32im/ilp32/libgcc.a
                0x0000000000000100                _min_stack = 0x100

.text           0x0000000080000000     0x3ca0
                0x0000000080000000                _start_text = .
 *(.init)
 .init          0x0000000080000000       0x14 ./nox/crt0.o
                0x0000000080000000                _start_reset
 .init          0x0000000080000014       0x88 ./nox/startup.o
                0x0000000080000014                _reset
                0x0000000080000100                . = (ORIGIN (IRAM) + 0x100)
 *fill*         0x000000008000009c       0x64 
                0x0000000080000100                _start_vector = .
 *(.isr_vector)
 *(.text*)
 .text          0x0000000080000100      0x870 ./core_list_join.o
                0x0000000080000100                cmp_idx
                0x000000008000015c                calc_func
                0x0000000080000290                cmp_complex
                0x00000000800002dc                copy_info
                0x00000000800002f0                core_list_insert_new
                0x0000000080000350                core_list_remove
                0x0000000080000378                core_list_undo_remove
                0x0000000080000398                core_list_find
                0x00000000800003f0                core_list_reverse
                0x0000000080000414                core_list_mergesort
                0x0000000080000560                core_bench_list
                0x00000000800007f0                core_list_init
 .text          0x0000000080000970       0x88 ./core_main.o
                0x0000000080000970                iterate
 .text.startup  0x00000000800009f8      0x978 ./core_main.o
                0x00000000800009f8                main
 .text          0x0000000080001370      0x8dc ./core_matrix.o
                0x0000000080001370                core_init_matrix
                0x00000000800014b8                matrix_sum
                0x0000000080001550                matrix_mul_const
                0x00000000800015ac                matrix_add_const
                0x00000000800015fc                matrix_mul_vect
                0x0000000080001658                matrix_mul_matrix
                0x0000000080001704                matrix_mul_matrix_bitextract
                0x00000000800017c4                matrix_test
                0x0000000080001c10                core_bench_matrix
 .text          0x0000000080001c4c      0x628 ./core_state.o
                0x0000000080001c4c                core_init_state
                0x0000000080001d94                core_state_transition
                0x00000000800020ac                core_bench_state
 .text          0x0000000080002274      0x2c0 ./core_util.o
                0x0000000080002274                get_seed_32
                0x00000000800022cc                crcu8
                0x0000000080002310                crcu16
                0x0000000080002394                crcu32
                0x00000000800024a0                crc16
                0x000000008000252c                check_data_types
 .text          0x0000000080002534      0xdd8 ./nox/printf.o
                0x0000000080003174                printf_
                0x00000000800031c8                sprintf_
                0x0000000080003218                snprintf_
                0x0000000080003264                vprintf_
                0x0000000080003294                vsnprintf_
                0x00000000800032b0                fctprintf
 .text          0x000000008000330c      0x114 ./nox/core_portme.o
                0x000000008000330c                _putchar
                0x0000000080003318                barebones_clock
                0x0000000080003328                nox_cpu_get_cycle
                0x000000008000333c                start_time
                0x0000000080003358                stop_time
                0x0000000080003374                get_time
                0x0000000080003398                time_in_secs
                0x00000000800033a8                portable_init
                0x0000000080003410                portable_fini
                0x0000000080003420                _edata = .
 *(.rodata*)
 .rodata.str1.4
                0x0000000080003420      0x54a ./core_main.o
 *fill*         0x000000008000396a        0x2 
 .rodata        0x000000008000396c       0x22 ./core_main.o
 *fill*         0x000000008000398e        0x2 
 .rodata.str1.4
                0x0000000080003990       0xad ./core_state.o
 *fill*         0x0000000080003a3d        0x3 
 .rodata        0x0000000080003a40       0x40 ./core_state.o
 .rodata        0x0000000080003a80       0x18 ./core_util.o
 .rodata        0x0000000080003a98      0x1e0 ./nox/printf.o
 .rodata.str1.4
                0x0000000080003c78       0x28 ./nox/core_portme.o
                                         0x2a (size before relaxing)
 *(.srodata*)
                0x0000000080003ca0                . = ALIGN (0x4)
                0x0000000080003ca0                _end_text = .
                0x0000000080003ca0                _stored_data = .

.rela.dyn       0x0000000080003ca0        0x0
 .rela.init     0x0000000080003ca0        0x0 ./core_list_join.o

.data           0x0000000010000000        0xc load address 0x0000000080003ca0
                0x0000000010000000                __DATA_BEGIN__ = .
                0x0000000010000000                _start_data = .
 *(.data .data.* .gnu.linkonce.d.*)
                0x0000000010000000                __SDATA_BEGIN__ = .
 *(.srodata.cst16)
 *(.srodata.cst8)
 *(.srodata.cst4)
 *(.srodata.cst2)
 *(.srodata .srodata.*)
 *(.sdata .sdata.* .sdata2.* .gnu.linkonce.s.*)
 .sdata         0x0000000010000000        0xc ./nox/core_portme.o
                0x0000000010000000                default_num_contexts
                0x0000000010000004                seed4_volatile
                0x0000000010000008                seed3_volatile
                0x000000001000000c                _end_data = .
                0x000000001000000c                . = ALIGN ((. != 0x0)?0x4:0x1)
                0x000000001000000c                _start_bss = .

.bss            0x000000001000000c        0x0 load address 0x0000000080003ca0
                0x000000001000000c                __BSS_START__ = .
 *(.dynbss)
 *(.bss .bss.* .gnu.linkonce.b.*)
 *(COMMON)
                0x000000001000000c                . = ALIGN ((. != 0x0)?0x4:0x1)

.sbss           0x0000000010000010       0x1c load address 0x0000000080003ca0
 *(.dynsbss)
 *(.sbss .sbss.* .gnu.linkonce.sb.*)
 .sbss          0x0000000010000010       0x1c ./nox/core_portme.o
                0x0000000010000020                seed5_volatile
                0x0000000010000024                seed2_volatile
                0x0000000010000028                seed1_volatile
 *(.scommon)
                0x000000001000002c                __BSS_END__ = .
                0x000000001000002c                _end = .
                0x000000001000002c                _end_bss = .
                0x0000000010000800                __global_pointer$ = MIN ((__SDATA_BEGIN__ + 0x800), MAX ((__DATA_BEGIN__ + 0x800), (__BSS_END__ - 0x800)))
                0x0000000010008000                PROVIDE (_start_stack = (ORIGIN (DRAM) + LENGTH (DRAM)))
                [!provide]                        PROVIDE (_end_stack = (ORIGIN (DRAM) + (LENGTH (DRAM) - _stack_size)))
                [!provide]                        PROVIDE (_start_heap = __BSS_END__)
                [!provide]                        PROVIDE (_end_heap = _end_stack)
                [!provide]                        PROVIDE (end = _start_heap)
OUTPUT(./coremark.elf elf32-littleriscv)

.debug_info     0x0000000000000000     0x42c9
 .debug_info    0x0000000000000000      0xcf8 ./core_list_join.o
 .debug_info    0x0000000000000cf8      0xa03 ./core_main.o
 .debug_info    0x00000000000016fb      0xa83 ./core_matrix.o
 .debug_info    0x000000000000217e      0x4b9 ./core_state.o
 .debug_info    0x0000000000002637      0x591 ./core_util.o
 .debug_info    0x0000000000002bc8      0xe7f ./nox/printf.o
 .debug_info    0x0000000000003a47      0x62b ./nox/core_portme.o
 .debug_info    0x0000000000004072       0x26 ./nox/crt0.o
 .debug_info    0x0000000000004098      0x231 ./nox/startup.o

.debug_abbrev   0x0000000000000000     0x10b2
 .debug_abbrev  0x0000000000000000      0x2fe ./core_list_join.o
 .debug_abbrev  0x00000000000002fe      0x191 ./core_main.o
 .debug_abbrev  0x000000000000048f      0x240 ./core_matrix.o
 .debug_abbrev  0x00000000000006cf      0x207 ./core_state.o
 .debug_abbrev  0x00000000000008d6      0x178 ./core_util.o
 .debug_abbrev  0x0000000000000a4e      0x326 ./nox/printf.o
 .debug_abbrev  0x0000000000000d74      0x250 ./nox/core_portme.o
 .debug_abbrev  0x0000000000000fc4       0x14 ./nox/crt0.o
 .debug_abbrev  0x0000000000000fd8       0xda ./nox/startup.o

.debug_loc      0x0000000000000000     0x5272
 .debug_loc     0x0000000000000000     0x1186 ./core_list_join.o
 .debug_loc     0x0000000000001186      0x530 ./core_main.o
 .debug_loc     0x00000000000016b6     0x1112 ./core_matrix.o
 .debug_loc     0x00000000000027c8      0x85e ./core_state.o
 .debug_loc     0x0000000000003026      0x7a9 ./core_util.o
 .debug_loc     0x00000000000037cf     0x18b3 ./nox/printf.o
 .debug_loc     0x0000000000005082      0x14f ./nox/core_portme.o
 .debug_loc     0x00000000000051d1       0xa1 ./nox/startup.o

.debug_aranges  0x0000000000000000      0x130
 .debug_aranges
                0x0000000000000000       0x20 ./core_list_join.o
 .debug_aranges
                0x0000000000000020       0x28 ./core_main.o
 .debug_aranges
                0x0000000000000048       0x20 ./core_matrix.o
 .debug_aranges
                0x0000000000000068       0x20 ./core_state.o
 .debug_aranges
                0x0000000000000088       0x20 ./core_util.o
 .debug_aranges
                0x00000000000000a8       0x20 ./nox/printf.o
 .debug_aranges
                0x00000000000000c8       0x20 ./nox/core_portme.o
 .debug_aranges
                0x00000000000000e8       0x20 ./nox/crt0.o
 .debug_aranges
                0x0000000000000108       0x28 ./nox/startup.o

.debug_ranges   0x0000000000000000      0x820
 .debug_ranges  0x0000000000000000      0x180 ./core_list_join.o
 .debug_ranges  0x0000000000000180       0x40 ./core_main.o
 .debug_ranges  0x00000000000001c0      0x110 ./core_matrix.o
 .debug_ranges  0x00000000000002d0      0x140 ./core_state.o
 .debug_ranges  0x0000000000000410      0x158 ./core_util.o
 .debug_ranges  0x0000000000000568      0x2a0 ./nox/printf.o
 .debug_ranges  0x0000000000000808       0x18 ./nox/startup.o

.debug_line     0x0000000000000000     0x7292
 .debug_line    0x0000000000000000     0x1455 ./core_list_join.o
 .debug_line    0x0000000000001455      0xfe9 ./core_main.o
 .debug_line    0x000000000000243e     0x1394 ./core_matrix.o
 .debug_line    0x00000000000037d2      0xff3 ./core_state.o
 .debug_line    0x00000000000047c5      0x9d5 ./core_util.o
 .debug_line    0x000000000000519a     0x1946 ./nox/printf.o
 .debug_line    0x0000000000006ae0      0x4b2 ./nox/core_portme.o
 .debug_line    0x0000000000006f92       0x4d ./nox/crt0.o
 .debug_line    0x0000000000006fdf      0x2b3 ./nox/startup.o

.debug_str      0x0000000000000000      0xaa2
 .debug_str     0x0000000000000000      0x3b8 ./core_list_join.o
                                        0x3f7 (size before relaxing)
 .debug_str     0x00000000000003b8      0x171 ./core_main.o
                                        0x38f (size before relaxing)
 .debug_str     0x0000000000000529       0xab ./core_matrix.o
                                        0x1f8 (size before relaxing)
 .debug_str     0x00000000000005d4      0x117 ./core_state.o
                                        0x261 (size before relaxing)
 .debug_str     0x00000000000006eb       0x6a ./core_util.o
                                        0x19e (size before relaxing)
 .debug_str     0x0000000000000755      0x165 ./nox/printf.o
                                        0x294 (size before relaxing)
 .debug_str     0x00000000000008ba       0xe0 ./nox/core_portme.o
                                        0x316 (size before relaxing)
 .debug_str     0x000000000000099a       0x17 ./nox/crt0.o
                                         0x22 (size before relaxing)
 .debug_str     0x00000000000009b1       0xf1 ./nox/startup.o
                                        0x1f8 (size before relaxing)

.comment        0x0000000000000000       0x33
 .comment       0x0000000000000000       0x33 ./core_list_join.o
                                         0x34 (size before relaxing)
 .comment       0x0000000000000033       0x34 ./core_main.o
 .comment       0x0000000000000033       0x34 ./core_matrix.o
 .comment       0x0000000000000033       0x34 ./core_state.o
 .comment       0x0000000000000033       0x34 ./core_util.o
 .comment       0x0000000000000033       0x34 ./nox/printf.o
 .comment       0x0000000000000033       0x34 ./nox/core_portme.o
 .comment       0x0000000000000033       0x34 ./nox/startup.o

.debug_frame    0x0000000000000000      0x6c0
 .debug_frame   0x0000000000000000      0x174 ./core_list_join.o
 .debug_frame   0x0000000000000174       0x94 ./core_main.o
 .debug_frame   0x0000000000000208      0x124 ./core_matrix.o
 .debug_frame   0x000000000000032c       0x8c ./core_state.o
 .debug_frame   0x00000000000003b8       0x70 ./core_util.o
 .debug_frame   0x0000000000000428      0x184 ./nox/printf.o
 .debug_frame   0x00000000000005ac       0xb4 ./nox/core_portme.o
 .debug_frame   0x0000000000000660       0x60 ./nox/startup.o
