
Discarded input sections

 .data          0x00000000        0x0 ./core_list_join.o
 .bss           0x00000000        0x0 ./core_list_join.o
 .data          0x00000000        0xc ./core_main.o
 .bss           0x00000000        0x0 ./core_main.o
 .data          0x00000000        0x0 ./core_matrix.o
 .bss           0x00000000        0x0 ./core_matrix.o
 .data          0x00000000        0x0 ./core_state.o
 .bss           0x00000000        0x0 ./core_state.o
 .data          0x00000000        0x0 ./core_util.o
 .bss           0x00000000        0x0 ./core_util.o
 .data          0x00000000        0x0 ./nox/printf.o
 .bss           0x00000000        0x0 ./nox/printf.o
 .data          0x00000000        0x0 ./nox/core_portme.o
 .bss           0x00000000        0x0 ./nox/core_portme.o
 .srodata       0x00000000       0x18 ./nox/core_portme.o
 .text          0x00000000        0x0 ./nox/crt0.o
 .data          0x00000000        0x0 ./nox/crt0.o
 .bss           0x00000000        0x0 ./nox/crt0.o
 .text          0x00000000       0x44 ./nox/startup.o
 .data          0x00000000        0x0 ./nox/startup.o
 .bss           0x00000000        0x0 ./nox/startup.o

Memory Configuration

Name             Origin             Length             Attributes
IRAM             0x80000000         0x00020000         axrl!w
DRAM             0x10000000         0x00008000         axw!rl
*default*        0x00000000         0xffffffff

Linker script and memory map

LOAD /tmp/xpack-riscv-none-elf-gcc-15.2.0-1/bin/../lib/gcc/riscv-none-elf/15.2.0/rv32im/ilp32/libgcc.a
LOAD /tmp/xpack-riscv-none-elf-gcc-15.2.0-1/bin/../lib/gcc/riscv-none-elf/15.2.0/../../../../riscv-none-elf/lib/rv32im/ilp32/libm.a
LOAD /tmp/xpack-riscv-none-elf-gcc-15.2.0-1/bin/../lib/gcc/riscv-none-elf/15.2.0/../../../../riscv-none-elf/lib/rv32im/ilp32/libc.a
LOAD ./core_list_join.o
LOAD ./core_main.o
LOAD ./core_matrix.o
LOAD ./core_state.o
LOAD ./core_util.o
LOAD ./nox/printf.o
LOAD ./nox/core_portme.o
LOAD ./nox/crt0.o
LOAD ./nox/startup.o
LOAD /tmp/xpack-riscv-none-elf-gcc-15.2.0-1/bin/../lib/gcc/riscv-none-elf/15.2.0/rv32im/ilp32/libgcc.a
START GROUP
LOAD /tmp/xpack-riscv-none-elf-gcc-15.2.0-1/bin/../lib/gcc/riscv-none-elf/15.2.0/../../../../riscv-none-elf/lib/rv32im/ilp32/libc.a
LOAD /tmp/xpack-riscv-none-elf-gcc-15.2.0-1/bin/../lib/gcc/riscv-none-elf/15.2.0/../../../../riscv-none-elf/lib/rv32im/ilp32/libgloss.a
END GROUP
LOAD /tmp/xpack-riscv-none-elf-gcc-15.2.0-1/bin/../lib/gcc/riscv-none-elf/15.2.0/rv32im/ilp32/libgcc.a
                0x00000100                        _min_stack = 0x100

.text           0x80000000     0x41a4
                0x80000000                        _start_text = .
 *(.init)
 .init          0x80000000       0x14 ./nox/crt0.o
                0x80000000                _start_reset
 .init          0x80000014       0x88 ./nox/startup.o
                0x80000014                _reset
                0x80000100                        . = (ORIGIN (IRAM) + 0x100)
 *fill*         0x8000009c       0x64 
                0x80000100                        _start_vector = .
 *(.isr_vector)
 *(.text*)
 .text          0x80000100      0x8d0 ./core_list_join.o
                0x80000100                cmp_idx
                0x80000154                calc_func
                0x8000027c                cmp_complex
                0x800002c4                copy_info
                0x800002d8                core_list_insert_new
                0x80000338                core_list_remove
                0x80000360                core_list_undo_remove
                0x80000380                core_list_find
                0x800003cc                core_list_reverse
                0x800003f0                core_list_mergesort
                0x800005a0                core_bench_list
                0x80000878                core_list_init
 .text          0x800009d0       0x88 ./core_main.o
                0x800009d0                iterate
 .text.startup  0x80000a58      0x720 ./core_main.o
                0x80000a58                main
 .text          0x80001178      0x788 ./core_matrix.o
                0x80001178                core_init_matrix
                0x8000129c                matrix_sum
                0x80001314                matrix_mul_const
                0x8000135c                matrix_add_const
                0x80001394                matrix_mul_vect
                0x800013e0                matrix_mul_matrix
                0x80001460                matrix_mul_matrix_bitextract
                0x800014f4                matrix_test
                0x800018c4                core_bench_matrix
 .text          0x80001900      0x5ac ./core_state.o
                0x80001900                core_init_state
                0x80001a28                core_state_transition
                0x80001d10                core_bench_state
 .text          0x80001eac      0x9dc ./core_util.o
                0x80001eac                get_seed_32
                0x80001f00                crcu8
                0x8000202c                crcu16
                0x8000224c                crcu32
                0x8000265c                crc16
                0x80002880                check_data_types
 .text          0x80002888      0xeac ./nox/printf.o
                0x80003594                printf_
                0x800035e8                sprintf_
                0x8000363c                snprintf_
                0x8000368c                vprintf_
                0x800036bc                vsnprintf_
                0x800036d8                fctprintf
 .text          0x80003734      0x118 ./nox/core_portme.o
                0x80003734                _putchar
                0x80003740                barebones_clock
                0x80003750                nox_cpu_get_cycle
                0x80003764                start_time
                0x80003780                stop_time
                0x8000379c                get_time
                0x800037c0                time_in_secs
                0x800037d4                portable_init
                0x8000383c                portable_fini
                0x8000384c                        _edata = .
 *(.rodata*)
 .rodata.str1.4
                0x8000384c      0x64c ./core_main.o
                                0x572 (size before relaxing)
 .rodata        0x80003e98       0x22 ./core_main.o
 .rodata.str1.4
                0x80003eba        0x0 ./core_state.o
                                 0xad (size before relaxing)
 *fill*         0x80003eba        0x2 
 .rodata        0x80003ebc       0x40 ./core_state.o
 .rodata        0x80003efc      0x218 ./core_util.o
 .rodata        0x80004114       0x90 ./nox/printf.o
 .rodata.str1.4
                0x800041a4        0x0 ./nox/core_portme.o
                                 0x2a (size before relaxing)
 *(.srodata*)
                0x800041a4                        . = ALIGN (0x4)
                0x800041a4                        _end_text = .
                0x800041a4                        _stored_data = .

.rela.dyn       0x800041a4        0x0
 .rela.init     0x800041a4        0x0 ./core_list_join.o

.data           0x10000000        0xc load address 0x800041a4
                0x10000000                        __DATA_BEGIN__ = .
                0x10000000                        _start_data = .
 *(.data .data.* .gnu.linkonce.d.*)
                0x10000000                        __SDATA_BEGIN__ = .
 *(.srodata.cst16)
 *(.srodata.cst8)
 *(.srodata.cst4)
 *(.srodata.cst2)
 *(.srodata .srodata.*)
 *(.sdata .sdata.* .sdata2.* .gnu.linkonce.s.*)
 .sdata         0x10000000        0xc ./nox/core_portme.o
                0x10000000                default_num_contexts
                0x10000004                seed4_volatile
                0x10000008                seed3_volatile
                0x1000000c                        _end_data = .
                0x1000000c                        . = ALIGN ((. != 0x0)?0x4:0x1)
                0x1000000c                        _start_bss = .

.bss            0x1000000c        0x0 load address 0x800041a4
                0x1000000c                        __BSS_START__ = .
 *(.dynbss)
 *(.bss .bss.* .gnu.linkonce.b.*)
 *(COMMON)
                0x1000000c                        . = ALIGN ((. != 0x0)?0x4:0x1)

.sbss           0x10000010       0x1c load address 0x800041a4
 *(.dynsbss)
 *(.sbss .sbss.* .gnu.linkonce.sb.*)
 .sbss          0x10000010       0x1c ./nox/core_portme.o
                0x10000020                seed5_volatile
                0x10000024                seed2_volatile
                0x10000028                seed1_volatile
 *(.scommon)
                0x1000002c                        __BSS_END__ = .
                0x1000002c                        _end = .
                0x1000002c                        _end_bss = .
                0x10000800                        __global_pointer$ = MIN ((__SDATA_BEGIN__ + 0x800), MAX ((__DATA_BEGIN__ + 0x800), (__BSS_END__ - 0x800)))
                0x10008000                        PROVIDE (_start_stack = (ORIGIN (DRAM) + LENGTH (DRAM)))
                [!provide]                        PROVIDE (_end_stack = (ORIGIN (DRAM) + (LENGTH (DRAM) - _stack_size)))
                [!provide]                        PROVIDE (_start_heap = __BSS_END__)
                [!provide]                        PROVIDE (_end_heap = _end_stack)
                [!provide]                        PROVIDE (end = _start_heap)
OUTPUT(./coremark.elf elf32-littleriscv)

.debug_info     0x00000000     0x46f3
 .debug_info    0x00000000      0xe81 ./core_list_join.o
 .debug_info    0x00000e81      0xac7 ./core_main.o
 .debug_info    0x00001948      0xba8 ./core_matrix.o
 .debug_info    0x000024f0      0x4ae ./core_state.o
 .debug_info    0x0000299e      0x4fd ./core_util.o
 .debug_info    0x00002e9b      0xfc7 ./nox/printf.o
 .debug_info    0x00003e62      0x662 ./nox/core_portme.o
 .debug_info    0x000044c4       0x24 ./nox/crt0.o
 .debug_info    0x000044e8      0x20b ./nox/startup.o

.debug_abbrev   0x00000000     0x1319
 .debug_abbrev  0x00000000      0x36c ./core_list_join.o
 .debug_abbrev  0x0000036c      0x1f0 ./core_main.o
 .debug_abbrev  0x0000055c      0x2af ./core_matrix.o
 .debug_abbrev  0x0000080b      0x251 ./core_state.o
 .debug_abbrev  0x00000a5c      0x203 ./core_util.o
 .debug_abbrev  0x00000c5f      0x36c ./nox/printf.o
 .debug_abbrev  0x00000fcb      0x24e ./nox/core_portme.o
 .debug_abbrev  0x00001219       0x14 ./nox/crt0.o
 .debug_abbrev  0x0000122d       0xec ./nox/startup.o

.debug_loclists
                0x00000000     0x49ea
 .debug_loclists
                0x00000000      0xeef ./core_list_join.o
 .debug_loclists
                0x00000eef      0x4de ./core_main.o
 .debug_loclists
                0x000013cd      0xeb4 ./core_matrix.o
 .debug_loclists
                0x00002281      0x6a4 ./core_state.o
 .debug_loclists
                0x00002925      0x35b ./core_util.o
 .debug_loclists
                0x00002c80     0x1ba1 ./nox/printf.o
 .debug_loclists
                0x00004821      0x150 ./nox/core_portme.o
 .debug_loclists
                0x00004971       0x79 ./nox/startup.o

.debug_aranges  0x00000000      0x130
 .debug_aranges
                0x00000000       0x20 ./core_list_join.o
 .debug_aranges
                0x00000020       0x28 ./core_main.o
 .debug_aranges
                0x00000048       0x20 ./core_matrix.o
 .debug_aranges
                0x00000068       0x20 ./core_state.o
 .debug_aranges
                0x00000088       0x20 ./core_util.o
 .debug_aranges
                0x000000a8       0x20 ./nox/printf.o
 .debug_aranges
                0x000000c8       0x20 ./nox/core_portme.o
 .debug_aranges
                0x000000e8       0x20 ./nox/crt0.o
 .debug_aranges
                0x00000108       0x28 ./nox/startup.o

.debug_rnglists
                0x00000000      0x3af
 .debug_rnglists
                0x00000000       0xe8 ./core_list_join.o
 .debug_rnglists
                0x000000e8       0x32 ./core_main.o
 .debug_rnglists
                0x0000011a       0x68 ./core_matrix.o
 .debug_rnglists
                0x00000182       0x66 ./core_state.o
 .debug_rnglists
                0x000001e8       0x38 ./core_util.o
 .debug_rnglists
                0x00000220      0x175 ./nox/printf.o
 .debug_rnglists
                0x00000395       0x1a ./nox/startup.o

.debug_line     0x00000000     0x653a
 .debug_line    0x00000000     0x13f5 ./core_list_join.o
 .debug_line    0x000013f5      0xc8b ./core_main.o
 .debug_line    0x00002080     0x11ed ./core_matrix.o
 .debug_line    0x0000326d      0xdad ./core_state.o
 .debug_line    0x0000401a      0x523 ./core_util.o
 .debug_line    0x0000453d     0x19e6 ./nox/printf.o
 .debug_line    0x00005f23      0x3dc ./nox/core_portme.o
 .debug_line    0x000062ff       0x5c ./nox/crt0.o
 .debug_line    0x0000635b      0x1df ./nox/startup.o

.debug_str      0x00000000      0xad4
 .debug_str     0x00000000      0xad4 ./core_list_join.o
                                0x3f6 (size before relaxing)
 .debug_str     0x00000ad4        0x0 ./core_main.o
                                0x39d (size before relaxing)
 .debug_str     0x00000ad4        0x0 ./core_matrix.o
                                0x1fa (size before relaxing)
 .debug_str     0x00000ad4        0x0 ./core_state.o
                                0x264 (size before relaxing)
 .debug_str     0x00000ad4        0x0 ./core_util.o
                                0x1af (size before relaxing)
 .debug_str     0x00000ad4        0x0 ./nox/printf.o
                                0x28b (size before relaxing)
 .debug_str     0x00000ad4        0x0 ./nox/core_portme.o
                                0x304 (size before relaxing)
 .debug_str     0x00000ad4        0x0 ./nox/crt0.o
                                 0x40 (size before relaxing)
 .debug_str     0x00000ad4        0x0 ./nox/startup.o
                                0x1eb (size before relaxing)

.debug_line_str
                0x00000000      0x133
 .debug_line_str
                0x00000000      0x133 ./core_list_join.o
                                 0x57 (size before relaxing)
 .debug_line_str
                0x00000133        0x0 ./core_main.o
                                 0x5b (size before relaxing)
 .debug_line_str
                0x00000133        0x0 ./core_matrix.o
                                 0x54 (size before relaxing)
 .debug_line_str
                0x00000133        0x0 ./core_state.o
                                 0x53 (size before relaxing)
 .debug_line_str
                0x00000133        0x0 ./core_util.o
                                 0x50 (size before relaxing)
 .debug_line_str
                0x00000133        0x0 ./nox/printf.o
                                 0xb8 (size before relaxing)
 .debug_line_str
                0x00000133        0x0 ./nox/core_portme.o
                                 0xc9 (size before relaxing)
 .debug_line_str
                0x00000133        0x0 ./nox/crt0.o
                                 0x34 (size before relaxing)
 .debug_line_str
                0x00000133        0x0 ./nox/startup.o
                                 0x9f (size before relaxing)

.comment        0x00000000       0x33
 .comment       0x00000000       0x33 ./core_list_join.o
                                 0x34 (size before relaxing)
 .comment       0x00000033        0x0 ./core_main.o
                                 0x34 (size before relaxing)
 .comment       0x00000033        0x0 ./core_matrix.o
                                 0x34 (size before relaxing)
 .comment       0x00000033        0x0 ./core_state.o
                                 0x34 (size before relaxing)
 .comment       0x00000033        0x0 ./core_util.o
                                 0x34 (size before relaxing)
 .comment       0x00000033        0x0 ./nox/printf.o
                                 0x34 (size before relaxing)
 .comment       0x00000033        0x0 ./nox/core_portme.o
                                 0x34 (size before relaxing)
 .comment       0x00000033        0x0 ./nox/startup.o
                                 0x34 (size before relaxing)

.note.GNU-stack
                0x00000000        0x0
 .note.GNU-stack
                0x00000000        0x0 ./core_list_join.o
 .note.GNU-stack
                0x00000000        0x0 ./core_main.o
 .note.GNU-stack
                0x00000000        0x0 ./core_matrix.o
 .note.GNU-stack
                0x00000000        0x0 ./core_state.o
 .note.GNU-stack
                0x00000000        0x0 ./core_util.o
 .note.GNU-stack
                0x00000000        0x0 ./nox/printf.o
 .note.GNU-stack
                0x00000000        0x0 ./nox/core_portme.o
 .note.GNU-stack
                0x00000000        0x0 ./nox/startup.o

.riscv.attributes
                0x00000000       0x4f
 .riscv.attributes
                0x00000000       0x42 ./core_list_join.o
 .riscv.attributes
                0x00000042       0x42 ./core_main.o
 .riscv.attributes
                0x00000084       0x42 ./core_matrix.o
 .riscv.attributes
                0x000000c6       0x42 ./core_state.o
 .riscv.attributes
                0x00000108       0x42 ./core_util.o
 .riscv.attributes
                0x0000014a       0x42 ./nox/printf.o
 .riscv.attributes
                0x0000018c       0x4f ./nox/core_portme.o
 .riscv.attributes
                0x000001db       0x49 ./nox/crt0.o
 .riscv.attributes
                0x00000224       0x4f ./nox/startup.o

.debug_frame    0x00000000      0x700
 .debug_frame   0x00000000      0x158 ./core_list_join.o
 .debug_frame   0x00000158       0x94 ./core_main.o
 .debug_frame   0x000001ec      0x124 ./core_matrix.o
 .debug_frame   0x00000310       0x90 ./core_state.o
 .debug_frame   0x000003a0       0x70 ./core_util.o
 .debug_frame   0x00000410      0x1dc ./nox/printf.o
 .debug_frame   0x000005ec       0xb4 ./nox/core_portme.o
 .debug_frame   0x000006a0       0x60 ./nox/startup.o
